** Drc report for /home/user/PCB/hardware/main-controller/kicad/agrinode_mc.kicad_pcb **
** Created on 2026-09-27 07:30:13 **

** Found 190 DRC violations **
[silk_overlap]: Silkscreen overlap
    Rule: board setup constraints silk; Severity: warning
    @(65.1450 mm, 54.1250 mm): PCB Text 'C' on F.Silkscreen
    @(65.1450 mm, 53.7250 mm): Reference 'J9'
[silk_overlap]: Silkscreen overlap
    Rule: board setup constraints silk; Severity: warning
    @(90.1450 mm, 54.1250 mm): PCB Text 'C' on F.Silkscreen
    @(90.1450 mm, 53.7250 mm): Reference 'J10'
[silk_overlap]: Silkscreen overlap
    Rule: board setup constraints silk; Severity: warning
    @(115.1450 mm, 53.7250 mm): Reference 'J11'
    @(115.1450 mm, 54.1250 mm): PCB Text 'C' on F.Silkscreen
[silk_overlap]: Silkscreen overlap
    Rule: board setup constraints silk; Severity: warning
    @(59.6250 mm, 104.3750 mm): Reference 'F1'
    @(57.6144 mm, 103.8850 mm): Line on F.Silkscreen
[silk_overlap]: Silkscreen overlap
    Rule: board setup constraints silk; Severity: warning
    @(107.9750 mm, 125.3750 mm): Reference 'C14'
    @(113.1250 mm, 124.9250 mm): Line on F.Silkscreen
[silk_overlap]: Silkscreen overlap
    Rule: board setup constraints silk; Severity: warning
    @(101.6250 mm, 124.2250 mm): Arc on F.Silkscreen
    @(102.3250 mm, 125.3750 mm): Reference 'C13'
[silk_overlap]: Silkscreen overlap
    Rule: board setup constraints silk; Severity: warning
    @(113.1250 mm, 124.2250 mm): Arc on F.Silkscreen
    @(113.0250 mm, 125.3750 mm): Reference 'C9'
[silk_overlap]: Silkscreen overlap
    Rule: board setup constraints silk; Severity: warning
    @(170.0000 mm, 217.5000 mm): PCB Text 'AgriNode MC-1  rev A' on F.Silkscreen
    @(154.2150 mm, 218.0850 mm): Line on F.Silkscreen
[silk_overlap]: Silkscreen overlap
    Rule: board setup constraints silk; Severity: warning
    @(170.0000 mm, 217.5000 mm): PCB Text 'AgriNode MC-1  rev A' on F.Silkscreen
    @(155.7150 mm, 218.0850 mm): Line on F.Silkscreen
[silk_overlap]: Silkscreen overlap
    Rule: board setup constraints silk; Severity: warning
    @(170.0000 mm, 217.5000 mm): PCB Text 'AgriNode MC-1  rev A' on F.Silkscreen
    @(151.3150 mm, 216.2850 mm): Line on F.Silkscreen
[silk_overlap]: Silkscreen overlap
    Rule: board setup constraints silk; Severity: warning
    @(170.0000 mm, 217.5000 mm): PCB Text 'AgriNode MC-1  rev A' on F.Silkscreen
    @(173.8550 mm, 218.0850 mm): Line on F.Silkscreen
[silk_overlap]: Silkscreen overlap
    Rule: board setup constraints silk; Severity: warning
    @(170.0000 mm, 217.5000 mm): PCB Text 'AgriNode MC-1  rev A' on F.Silkscreen
    @(155.9650 mm, 219.5850 mm): Line on F.Silkscreen
[silk_overlap]: Silkscreen overlap
    Rule: board setup constraints silk; Severity: warning
    @(170.0000 mm, 217.5000 mm): PCB Text 'AgriNode MC-1  rev A' on F.Silkscreen
    @(159.2950 mm, 218.0850 mm): Line on F.Silkscreen
[silk_overlap]: Silkscreen overlap
    Rule: board setup constraints silk; Severity: warning
    @(170.0000 mm, 217.5000 mm): PCB Text 'AgriNode MC-1  rev A' on F.Silkscreen
    @(160.7950 mm, 218.0850 mm): Line on F.Silkscreen
[silk_overlap]: Silkscreen overlap
    Rule: board setup constraints silk; Severity: warning
    @(170.0000 mm, 217.5000 mm): PCB Text 'AgriNode MC-1  rev A' on F.Silkscreen
    @(165.8750 mm, 218.0850 mm): Line on F.Silkscreen
[silk_overlap]: Silkscreen overlap
    Rule: board setup constraints silk; Severity: warning
    @(173.8550 mm, 216.2850 mm): Line on F.Silkscreen
    @(170.0000 mm, 217.5000 mm): PCB Text 'AgriNode MC-1  rev A' on F.Silkscreen
[silk_overlap]: Silkscreen overlap
    Rule: board setup constraints silk; Severity: warning
    @(173.8550 mm, 219.5850 mm): Line on F.Silkscreen
    @(170.0000 mm, 217.5000 mm): PCB Text 'AgriNode MC-1  rev A' on F.Silkscreen
[silk_overlap]: Silkscreen overlap
    Rule: board setup constraints silk; Severity: warning
    @(170.0000 mm, 217.5000 mm): PCB Text 'AgriNode MC-1  rev A' on F.Silkscreen
    @(169.4550 mm, 218.0850 mm): Line on F.Silkscreen
[silk_overlap]: Silkscreen overlap
    Rule: board setup constraints silk; Severity: warning
    @(170.0000 mm, 217.5000 mm): PCB Text 'AgriNode MC-1  rev A' on F.Silkscreen
    @(170.9550 mm, 218.0850 mm): Line on F.Silkscreen
[silk_overlap]: Silkscreen overlap
    Rule: board setup constraints silk; Severity: warning
    @(170.0000 mm, 217.5000 mm): PCB Text 'AgriNode MC-1  rev A' on F.Silkscreen
    @(171.2050 mm, 219.5850 mm): Line on F.Silkscreen
[silk_overlap]: Silkscreen overlap
    Rule: board setup constraints silk; Severity: warning
    @(170.0000 mm, 217.5000 mm): PCB Text 'AgriNode MC-1  rev A' on F.Silkscreen
    @(181.0850 mm, 218.0850 mm): Line on F.Silkscreen
[silk_overlap]: Silkscreen overlap
    Rule: board setup constraints silk; Severity: warning
    @(170.0000 mm, 217.5000 mm): PCB Text 'AgriNode MC-1  rev A' on F.Silkscreen
    @(199.2250 mm, 218.0850 mm): Line on F.Silkscreen
[silk_overlap]: Silkscreen overlap
    Rule: board setup constraints silk; Severity: warning
    @(170.0000 mm, 217.5000 mm): PCB Text 'AgriNode MC-1  rev A' on F.Silkscreen
    @(181.3350 mm, 219.5850 mm): Line on F.Silkscreen
[silk_overlap]: Silkscreen overlap
    Rule: board setup constraints silk; Severity: warning
    @(170.0000 mm, 217.5000 mm): PCB Text 'AgriNode MC-1  rev A' on F.Silkscreen
    @(176.6850 mm, 216.2850 mm): Line on F.Silkscreen
[silk_overlap]: Silkscreen overlap
    Rule: board setup constraints silk; Severity: warning
    @(170.0000 mm, 217.5000 mm): PCB Text 'AgriNode MC-1  rev A' on F.Silkscreen
    @(186.1650 mm, 218.0850 mm): Line on F.Silkscreen
[silk_overlap]: Silkscreen overlap
    Rule: board setup constraints silk; Severity: warning
    @(165.5900 mm, 171.5000 mm): Reference 'D20'
    @(-1.1625 mm, -1.5100 mm): Polygon on F.Silkscreen
[silk_overlap]: Silkscreen overlap
    Rule: board setup constraints silk; Severity: warning
    @(185.5050 mm, 155.8850 mm): Reference 'C45'
    @(185.2677 mm, 155.3275 mm): Line on F.Silkscreen
[silk_overlap]: Silkscreen overlap
    Rule: board setup constraints silk; Severity: warning
    @(104.2250 mm, 205.8750 mm): PCB Text 'DI3' on F.Silkscreen
    @(104.2250 mm, 206.2750 mm): Reference 'J17'
[silk_overlap]: Silkscreen overlap
    Rule: board setup constraints silk; Severity: warning
    @(134.6750 mm, 206.2750 mm): Reference 'J18'
    @(134.6750 mm, 205.8750 mm): PCB Text 'DI7' on F.Silkscreen
[silk_overlap]: Silkscreen overlap
    Rule: board setup constraints silk; Severity: warning
    @(215.1450 mm, 54.1250 mm): PCB Text 'C' on F.Silkscreen
    @(215.1450 mm, 53.7250 mm): Reference 'J15'
[silk_overlap]: Silkscreen overlap
    Rule: board setup constraints silk; Severity: warning
    @(240.1450 mm, 53.7250 mm): Reference 'J16'
    @(240.1450 mm, 54.1250 mm): PCB Text 'C' on F.Silkscreen
[silk_overlap]: Silkscreen overlap
    Rule: board setup constraints silk; Severity: warning
    @(190.1450 mm, 54.1250 mm): PCB Text 'C' on F.Silkscreen
    @(190.1450 mm, 53.7250 mm): Reference 'J14'
[silk_overlap]: Silkscreen overlap
    Rule: board setup constraints silk; Severity: warning
    @(238.9950 mm, 96.6550 mm): Line on F.Silkscreen
    @(243.9850 mm, 97.1750 mm): Reference 'R16'
[silk_overlap]: Silkscreen overlap
    Rule: board setup constraints silk; Severity: warning
    @(238.9950 mm, 96.6550 mm): Line on F.Silkscreen
    @(239.9750 mm, 97.1750 mm): Reference 'C24'
[silk_overlap]: Silkscreen overlap
    Rule: board setup constraints silk; Severity: warning
    @(227.7250 mm, 97.1750 mm): Reference 'C22'
    @(227.8450 mm, 96.6550 mm): Line on F.Silkscreen
[silk_overlap]: Silkscreen overlap
    Rule: board setup constraints silk; Severity: warning
    @(227.7250 mm, 97.1750 mm): Reference 'C22'
    @(227.8450 mm, 96.6550 mm): Line on F.Silkscreen
[silk_overlap]: Silkscreen overlap
    Rule: board setup constraints silk; Severity: warning
    @(227.8450 mm, 96.6550 mm): Line on F.Silkscreen
    @(231.9550 mm, 97.1750 mm): Reference 'C23'
[silk_overlap]: Silkscreen overlap
    Rule: board setup constraints silk; Severity: warning
    @(238.9950 mm, 96.6550 mm): Line on F.Silkscreen
    @(239.9750 mm, 97.1750 mm): Reference 'C24'
[silk_overlap]: Silkscreen overlap
    Rule: board setup constraints silk; Severity: warning
    @(165.1450 mm, 54.1250 mm): PCB Text 'C' on F.Silkscreen
    @(165.1450 mm, 53.7250 mm): Reference 'J13'
[silk_overlap]: Silkscreen overlap
    Rule: board setup constraints silk; Severity: warning
    @(140.1450 mm, 53.7250 mm): Reference 'J12'
    @(140.1450 mm, 54.1250 mm): PCB Text 'C' on F.Silkscreen
[silk_overlap]: Silkscreen overlap
    Rule: board setup constraints silk; Severity: warning
    @(171.9550 mm, 139.8850 mm): Line on F.Silkscreen
    @(174.7700 mm, 140.3200 mm): Reference 'J7'
[silk_overlap]: Silkscreen overlap
    Rule: board setup constraints silk; Severity: warning
    @(133.5050 mm, 143.9500 mm): Reference 'C26'
    @(134.0750 mm, 143.4600 mm): Line on F.Silkscreen
[silk_overlap]: Silkscreen overlap
    Rule: board setup constraints silk; Severity: warning
    @(133.5050 mm, 143.9500 mm): Reference 'C26'
    @(134.0750 mm, 143.4600 mm): Line on F.Silkscreen
[silk_overlap]: Silkscreen overlap
    Rule: board setup constraints silk; Severity: warning
    @(163.4750 mm, 103.2731 mm): Arc on F.Silkscreen
    @(163.9650 mm, 113.8712 mm): Reference 'C27'
[silk_overlap]: Silkscreen overlap
    Rule: board setup constraints silk; Severity: warning
    @(40.0000 mm, 165.0000 mm): Line on F.Silkscreen
    @(61.5950 mm, 165.5000 mm): Reference 'D35'
[silk_overlap]: Silkscreen overlap
    Rule: board setup constraints silk; Severity: warning
    @(40.0000 mm, 165.0000 mm): Line on F.Silkscreen
    @(56.8250 mm, 165.4950 mm): Reference 'JP7'
[silk_overlap]: Silkscreen overlap
    Rule: board setup constraints silk; Severity: warning
    @(40.0000 mm, 165.0000 mm): Line on F.Silkscreen
    @(43.7150 mm, 142.4150 mm): Line on F.Silkscreen
[silk_overlap]: Silkscreen overlap
    Rule: board setup constraints silk; Severity: warning
    @(40.0000 mm, 165.0000 mm): Line on F.Silkscreen
    @(52.6350 mm, 164.9550 mm): Line on F.Silkscreen
[silk_overlap]: Silkscreen overlap
    Rule: board setup constraints silk; Severity: warning
    @(40.0000 mm, 165.0000 mm): Line on F.Silkscreen
    @(43.7150 mm, 164.9550 mm): Line on F.Silkscreen
[silk_overlap]: Silkscreen overlap
    Rule: board setup constraints silk; Severity: warning
    @(40.0000 mm, 165.0000 mm): Line on F.Silkscreen
    @(40.4150 mm, 164.9550 mm): Line on F.Silkscreen
[silk_overlap]: Silkscreen overlap
    Rule: board setup constraints silk; Severity: warning
    @(40.0000 mm, 165.0000 mm): Line on F.Silkscreen
    @(40.4150 mm, 142.4150 mm): Line on F.Silkscreen
[silk_overlap]: Silkscreen overlap
    Rule: board setup constraints silk; Severity: warning
    @(40.0000 mm, 165.0000 mm): Line on F.Silkscreen
    @(41.9150 mm, 164.9550 mm): Line on F.Silkscreen
[silk_overlap]: Silkscreen overlap
    Rule: board setup constraints silk; Severity: warning
    @(40.0000 mm, 165.0000 mm): Line on F.Silkscreen
    @(66.2650 mm, 165.3250 mm): Reference 'C74'
[silk_overlap]: Silkscreen overlap
    Rule: board setup constraints silk; Severity: warning
    @(61.5950 mm, 165.5000 mm): Reference 'D35'
    @(-1.1625 mm, -1.5100 mm): Polygon on F.Silkscreen
[silk_overlap]: Silkscreen overlap
    Rule: board setup constraints silk; Severity: warning
    @(76.0000 mm, 165.0000 mm): Line on F.Silkscreen
    @(76.4550 mm, 184.0250 mm): Reference 'U24'
[silk_overlap]: Silkscreen overlap
    Rule: board setup constraints silk; Severity: warning
    @(76.0000 mm, 165.0000 mm): Line on F.Silkscreen
    @(76.4550 mm, 183.1850 mm): Line on F.Silkscreen
[silk_overlap]: Silkscreen overlap
    Rule: board setup constraints silk; Severity: warning
    @(76.0000 mm, 165.0000 mm): Line on F.Silkscreen
    @(76.4550 mm, 170.1650 mm): Line on F.Silkscreen
[silk_overlap]: Silkscreen overlap
    Rule: board setup constraints silk; Severity: warning
    @(54.1250 mm, 179.1450 mm): PCB Text 'B' on F.Silkscreen
    @(53.7250 mm, 179.1450 mm): Reference 'J27'
[silk_overlap]: Silkscreen overlap
    Rule: board setup constraints silk; Severity: warning
    @(92.3050 mm, 183.1750 mm): Reference 'R63'
    @(94.3250 mm, 182.6850 mm): Line on F.Silkscreen
[silk_overlap]: Silkscreen overlap
    Rule: board setup constraints silk; Severity: warning
    @(91.5779 mm, 185.9050 mm): Line on F.Silkscreen
    @(91.5050 mm, 186.4650 mm): Reference 'C52'
[silk_overlap]: Silkscreen overlap
    Rule: board setup constraints silk; Severity: warning
    @(53.4350 mm, 145.7650 mm): Line on F.Silkscreen
    @(54.1250 mm, 146.0650 mm): PCB Text '24V' on F.Silkscreen
[silk_overlap]: Silkscreen overlap
    Rule: board setup constraints silk; Severity: warning
    @(97.1150 mm, 183.1750 mm): Reference 'R58'
    @(94.3250 mm, 182.6850 mm): Line on F.Silkscreen
[silk_overlap]: Silkscreen overlap
    Rule: board setup constraints silk; Severity: warning
    @(56.4779 mm, 174.9100 mm): Line on F.Silkscreen
    @(56.5050 mm, 175.4750 mm): Reference 'R111'
[silk_overlap]: Silkscreen overlap
    Rule: board setup constraints silk; Severity: warning
    @(85.0050 mm, 170.8450 mm): Reference 'C72'
    @(84.9637 mm, 170.2500 mm): Line on F.Silkscreen
[silk_overlap]: Silkscreen overlap
    Rule: board setup constraints silk; Severity: warning
    @(84.8644 mm, 172.7850 mm): Line on F.Silkscreen
    @(85.0050 mm, 173.3550 mm): Reference 'C73'
[silk_overlap]: Silkscreen overlap
    Rule: board setup constraints silk; Severity: warning
    @(84.7677 mm, 167.2775 mm): Line on F.Silkscreen
    @(85.2250 mm, 167.8350 mm): Reference 'C71'
[silk_overlap]: Silkscreen overlap
    Rule: board setup constraints silk; Severity: warning
    @(70.0450 mm, 140.5000 mm): Reference 'D34'
    @(-1.1625 mm, -1.5100 mm): Polygon on F.Silkscreen
[silk_overlap]: Silkscreen overlap
    Rule: board setup constraints silk; Severity: warning
    @(113.1250 mm, 124.9250 mm): Line on F.Silkscreen
    @(113.0250 mm, 125.3750 mm): Reference 'C9'
[silk_overlap]: Silkscreen overlap
    Rule: board setup constraints silk; Severity: warning
    @(113.1250 mm, 124.9250 mm): Line on F.Silkscreen
    @(102.3250 mm, 125.3750 mm): Reference 'C13'
[silk_overlap]: Silkscreen overlap
    Rule: board setup constraints silk; Severity: warning
    @(101.5050 mm, 129.6250 mm): Reference 'C12'
    @(101.6137 mm, 129.0350 mm): Line on F.Silkscreen
[silk_overlap]: Silkscreen overlap
    Rule: board setup constraints silk; Severity: warning
    @(105.5150 mm, 145.8750 mm): Reference 'C17'
    @(100.2750 mm, 145.3250 mm): Line on F.Silkscreen
[silk_overlap]: Silkscreen overlap
    Rule: board setup constraints silk; Severity: warning
    @(101.5050 mm, 145.8750 mm): Reference 'R11'
    @(100.2750 mm, 145.3250 mm): Line on F.Silkscreen
[silk_overlap]: Silkscreen overlap
    Rule: board setup constraints silk; Severity: warning
    @(189.9600 mm, 184.5000 mm): Reference 'D26'
    @(-1.1625 mm, -1.5100 mm): Polygon on F.Silkscreen
[silk_overlap]: Silkscreen overlap
    Rule: board setup constraints silk; Severity: warning
    @(203.3650 mm, 174.6550 mm): Reference 'C64'
    @(201.7000 mm, 174.0050 mm): Line on F.Silkscreen
[silk_overlap]: Silkscreen overlap
    Rule: board setup constraints silk; Severity: warning
    @(203.1037 mm, 177.0700 mm): Line on F.Silkscreen
    @(203.1450 mm, 177.6650 mm): Reference 'R86'
[silk_overlap]: Silkscreen overlap
    Rule: board setup constraints silk; Severity: warning
    @(207.5950 mm, 174.6550 mm): Reference 'C63'
    @(201.7000 mm, 174.0050 mm): Line on F.Silkscreen
[silk_overlap]: Silkscreen overlap
    Rule: board setup constraints silk; Severity: warning
    @(165.5900 mm, 184.5000 mm): Reference 'D24'
    @(-1.1625 mm, -1.5100 mm): Polygon on F.Silkscreen
[silk_overlap]: Silkscreen overlap
    Rule: board setup constraints silk; Severity: warning
    @(121.9550 mm, 186.4650 mm): Reference 'C56'
    @(122.0279 mm, 185.9050 mm): Line on F.Silkscreen
[silk_overlap]: Silkscreen overlap
    Rule: board setup constraints silk; Severity: warning
    @(122.3900 mm, 182.6850 mm): Line on F.Silkscreen
    @(122.7550 mm, 183.1750 mm): Reference 'R71'
[silk_overlap]: Silkscreen overlap
    Rule: board setup constraints silk; Severity: warning
    @(122.7550 mm, 183.1750 mm): Reference 'R71'
    @(124.7750 mm, 182.6850 mm): Line on F.Silkscreen
[silk_overlap]: Silkscreen overlap
    Rule: board setup constraints silk; Severity: warning
    @(124.7750 mm, 182.6850 mm): Line on F.Silkscreen
    @(127.5650 mm, 183.1750 mm): Reference 'R66'
[silk_overlap]: Silkscreen overlap
    Rule: board setup constraints silk; Severity: warning
    @(159.5250 mm, 155.7750 mm): Reference 'R48'
    @(152.8794 mm, 155.2850 mm): Line on F.Silkscreen
[silk_overlap]: Silkscreen overlap
    Rule: board setup constraints silk; Severity: warning
    @(159.5250 mm, 155.7750 mm): Reference 'R48'
    @(160.5350 mm, 155.2850 mm): Line on F.Silkscreen
[silk_overlap]: Silkscreen overlap
    Rule: board setup constraints silk; Severity: warning
    @(155.5150 mm, 155.7750 mm): Reference 'R47'
    @(152.8794 mm, 155.2850 mm): Line on F.Silkscreen
[silk_overlap]: Silkscreen overlap
    Rule: board setup constraints silk; Severity: warning
    @(151.5050 mm, 155.7750 mm): Reference 'C47'
    @(152.8794 mm, 155.2850 mm): Line on F.Silkscreen
[silk_overlap]: Silkscreen overlap
    Rule: board setup constraints silk; Severity: warning
    @(151.5050 mm, 155.7750 mm): Reference 'C47'
    @(151.8150 mm, 154.2206 mm): Line on F.Silkscreen
[silk_overlap]: Silkscreen overlap
    Rule: board setup constraints silk; Severity: warning
    @(185.5050 mm, 150.8650 mm): Reference 'R45'
    @(185.2677 mm, 150.3075 mm): Line on F.Silkscreen
[silk_overlap]: Silkscreen overlap
    Rule: board setup constraints silk; Severity: warning
    @(185.5050 mm, 145.8450 mm): Reference 'R43'
    @(185.2677 mm, 145.2875 mm): Line on F.Silkscreen
[silk_overlap]: Silkscreen overlap
    Rule: board setup constraints silk; Severity: warning
    @(185.2677 mm, 147.7975 mm): Line on F.Silkscreen
    @(185.5050 mm, 148.3550 mm): Reference 'R44'
[silk_overlap]: Silkscreen overlap
    Rule: board setup constraints silk; Severity: warning
    @(185.5050 mm, 143.3350 mm): Reference 'R42'
    @(185.4637 mm, 142.7400 mm): Line on F.Silkscreen
[silk_overlap]: Silkscreen overlap
    Rule: board setup constraints silk; Severity: warning
    @(185.2677 mm, 152.8175 mm): Line on F.Silkscreen
    @(185.5050 mm, 153.3750 mm): Reference 'R46'
[silk_overlap]: Silkscreen overlap
    Rule: board setup constraints silk; Severity: warning
    @(189.9600 mm, 171.5000 mm): Reference 'D22'
    @(-1.1625 mm, -1.5100 mm): Polygon on F.Silkscreen
[silk_overlap]: Silkscreen overlap
    Rule: board setup constraints silk; Severity: warning
    @(198.2750 mm, 144.2750 mm): Circle on F.Silkscreen
    @(199.3100 mm, 150.7250 mm): Reference 'D10'
[silk_overlap]: Silkscreen overlap
    Rule: board setup constraints silk; Severity: warning
    @(251.3650 mm, 205.8750 mm): PCB Text 'Q3' on F.Silkscreen
    @(251.3650 mm, 206.2750 mm): Reference 'J23'
[silk_overlap]: Silkscreen overlap
    Rule: board setup constraints silk; Severity: warning
    @(236.4700 mm, 198.5550 mm): Reference 'R100'
    @(237.0400 mm, 198.0650 mm): Line on F.Silkscreen
[silk_overlap]: Silkscreen overlap
    Rule: board setup constraints silk; Severity: warning
    @(236.4700 mm, 198.5550 mm): Reference 'R100'
    @(237.0400 mm, 198.0650 mm): Line on F.Silkscreen
[silk_overlap]: Silkscreen overlap
    Rule: board setup constraints silk; Severity: warning
    @(224.0050 mm, 198.0650 mm): Line on F.Silkscreen
    @(223.4350 mm, 198.5550 mm): Reference 'R97'
[silk_overlap]: Silkscreen overlap
    Rule: board setup constraints silk; Severity: warning
    @(224.0050 mm, 198.0650 mm): Line on F.Silkscreen
    @(223.4350 mm, 198.5550 mm): Reference 'R97'
[silk_overlap]: Silkscreen overlap
    Rule: board setup constraints silk; Severity: warning
    @(224.0050 mm, 194.1050 mm): Reference 'U20'
    @(221.9900 mm, 193.4800 mm): Line on F.Silkscreen
[silk_overlap]: Silkscreen overlap
    Rule: board setup constraints silk; Severity: warning
    @(224.0050 mm, 194.1050 mm): Reference 'U20'
    @(-1.3000 mm, -1.5100 mm): Polygon on F.Silkscreen
[silk_overlap]: Silkscreen overlap
    Rule: board setup constraints silk; Severity: warning
    @(228.5850 mm, 193.9300 mm): Reference 'C68'
    @(221.9900 mm, 193.4800 mm): Line on F.Silkscreen
[silk_overlap]: Silkscreen overlap
    Rule: board setup constraints silk; Severity: warning
    @(231.4550 mm, 188.9800 mm): Line on F.Silkscreen
    @(225.5000 mm, 189.3300 mm): Reference 'D31'
[silk_overlap]: Silkscreen overlap
    Rule: board setup constraints silk; Severity: warning
    @(238.5350 mm, 189.3300 mm): Reference 'D32'
    @(244.4900 mm, 188.9800 mm): Line on F.Silkscreen
[silk_overlap]: Silkscreen overlap
    Rule: board setup constraints silk; Severity: warning
    @(241.6200 mm, 193.9300 mm): Reference 'C69'
    @(235.0250 mm, 193.4800 mm): Line on F.Silkscreen
[silk_overlap]: Silkscreen overlap
    Rule: board setup constraints silk; Severity: warning
    @(235.0250 mm, 193.4800 mm): Line on F.Silkscreen
    @(237.0400 mm, 194.1050 mm): Reference 'U21'
[silk_overlap]: Silkscreen overlap
    Rule: board setup constraints silk; Severity: warning
    @(237.0400 mm, 194.1050 mm): Reference 'U21'
    @(-1.3000 mm, -1.5100 mm): Polygon on F.Silkscreen
[silk_overlap]: Silkscreen overlap
    Rule: board setup constraints silk; Severity: warning
    @(231.0750 mm, 205.8750 mm): PCB Text 'Q1' on F.Silkscreen
    @(231.0750 mm, 206.2750 mm): Reference 'J22'
[silk_overlap]: Silkscreen overlap
    Rule: board setup constraints silk; Severity: warning
    @(227.4637 mm, 99.5900 mm): Line on F.Silkscreen
    @(227.5050 mm, 100.1850 mm): Reference 'R18'
[silk_overlap]: Silkscreen overlap
    Rule: board setup constraints silk; Severity: warning
    @(223.4350 mm, 176.5550 mm): Reference 'R91'
    @(224.0050 mm, 176.0650 mm): Line on F.Silkscreen
[silk_overlap]: Silkscreen overlap
    Rule: board setup constraints silk; Severity: warning
    @(223.4350 mm, 176.5550 mm): Reference 'R91'
    @(224.0050 mm, 176.0650 mm): Line on F.Silkscreen
[silk_overlap]: Silkscreen overlap
    Rule: board setup constraints silk; Severity: warning
    @(221.9900 mm, 171.4800 mm): Line on F.Silkscreen
    @(228.5850 mm, 171.9300 mm): Reference 'C66'
[silk_overlap]: Silkscreen overlap
    Rule: board setup constraints silk; Severity: warning
    @(221.9900 mm, 171.4800 mm): Line on F.Silkscreen
    @(224.0050 mm, 172.1050 mm): Reference 'U18'
[silk_overlap]: Silkscreen overlap
    Rule: board setup constraints silk; Severity: warning
    @(225.5000 mm, 167.3300 mm): Reference 'D29'
    @(231.4550 mm, 166.9800 mm): Line on F.Silkscreen
[silk_overlap]: Silkscreen overlap
    Rule: board setup constraints silk; Severity: warning
    @(-1.3000 mm, -1.5100 mm): Polygon on F.Silkscreen
    @(252.0750 mm, 159.5000 mm): Reference 'U22'
[silk_overlap]: Silkscreen overlap
    Rule: board setup constraints silk; Severity: warning
    @(210.7850 mm, 205.8750 mm): PCB Text 'AO2' on F.Silkscreen
    @(210.7850 mm, 206.2750 mm): Reference 'J21'
[silk_overlap]: Silkscreen overlap
    Rule: board setup constraints silk; Severity: warning
    @(205.2100 mm, 169.8550 mm): Reference 'D28'
    @(205.3650 mm, 169.4150 mm): Line on F.Silkscreen
[silk_overlap]: Silkscreen overlap
    Rule: board setup constraints silk; Severity: warning
    @(205.2100 mm, 169.8550 mm): Reference 'D28'
    @(205.3650 mm, 169.4150 mm): Line on F.Silkscreen
[silk_overlap]: Silkscreen overlap
    Rule: board setup constraints silk; Severity: warning
    @(203.1450 mm, 180.1750 mm): Reference 'R90'
    @(202.9077 mm, 179.6175 mm): Line on F.Silkscreen
[silk_overlap]: Silkscreen overlap
    Rule: board setup constraints silk; Severity: warning
    @(237.0400 mm, 176.0650 mm): Line on F.Silkscreen
    @(236.4700 mm, 176.5550 mm): Reference 'R94'
[silk_overlap]: Silkscreen overlap
    Rule: board setup constraints silk; Severity: warning
    @(236.4700 mm, 176.5550 mm): Reference 'R94'
    @(237.0400 mm, 176.0650 mm): Line on F.Silkscreen
[silk_overlap]: Silkscreen overlap
    Rule: board setup constraints silk; Severity: warning
    @(238.5350 mm, 167.3300 mm): Reference 'D30'
    @(244.4900 mm, 166.9800 mm): Line on F.Silkscreen
[silk_overlap]: Silkscreen overlap
    Rule: board setup constraints silk; Severity: warning
    @(237.0400 mm, 172.1050 mm): Reference 'U19'
    @(235.0250 mm, 171.4800 mm): Line on F.Silkscreen
[silk_overlap]: Silkscreen overlap
    Rule: board setup constraints silk; Severity: warning
    @(235.0250 mm, 171.4800 mm): Line on F.Silkscreen
    @(241.6200 mm, 171.9300 mm): Reference 'C67'
[silk_overlap]: Silkscreen overlap
    Rule: board setup constraints silk; Severity: warning
    @(224.0050 mm, 172.1050 mm): Reference 'U18'
    @(-1.3000 mm, -1.5100 mm): Polygon on F.Silkscreen
[silk_overlap]: Silkscreen overlap
    Rule: board setup constraints silk; Severity: warning
    @(237.0400 mm, 172.1050 mm): Reference 'U19'
    @(-1.3000 mm, -1.5100 mm): Polygon on F.Silkscreen
[silk_overlap]: Silkscreen overlap
    Rule: board setup constraints silk; Severity: warning
    @(211.2350 mm, 174.1300 mm): Line on F.Silkscreen
    @(215.6150 mm, 174.6550 mm): Reference 'R85'
[silk_overlap]: Silkscreen overlap
    Rule: board setup constraints silk; Severity: warning
    @(211.2350 mm, 174.1300 mm): Line on F.Silkscreen
    @(211.6050 mm, 174.6550 mm): Reference 'C65'
[silk_overlap]: Silkscreen overlap
    Rule: board setup constraints silk; Severity: warning
    @(214.5850 mm, 174.1300 mm): Line on F.Silkscreen
    @(215.6150 mm, 174.6550 mm): Reference 'R85'
[silk_overlap]: Silkscreen overlap
    Rule: board setup constraints silk; Severity: warning
    @(251.4464 mm, 187.6850 mm): Line on F.Silkscreen
    @(251.5050 mm, 188.2750 mm): Reference 'R104'
[silk_overlap]: Silkscreen overlap
    Rule: board setup constraints silk; Severity: warning
    @(265.8750 mm, 197.1450 mm): PCB Text 'DQ' on F.Silkscreen
    @(266.2750 mm, 197.1450 mm): Reference 'J24'
[silk_over_copper]: Silkscreen clipped by solder mask
    Local override; Severity: warning
    @(185.5050 mm, 155.8850 mm): Reference 'C45'
[silk_over_copper]: Silkscreen clipped by solder mask
    Local override; Severity: warning
    @(121.9550 mm, 186.4650 mm): Reference 'C56'
[silk_over_copper]: Silkscreen clipped by solder mask
    Local override; Severity: warning
    @(227.5050 mm, 100.1850 mm): Reference 'R18'
[silk_over_copper]: Silkscreen clipped by solder mask
    Local override; Severity: warning
    @(85.0050 mm, 170.8450 mm): Reference 'C72'
[silk_over_copper]: Silkscreen clipped by solder mask
    Local override; Severity: warning
    @(185.5050 mm, 150.8650 mm): Reference 'R45'
[silk_over_copper]: Silkscreen clipped by solder mask
    Local override; Severity: warning
    @(251.5050 mm, 188.2750 mm): Reference 'R104'
[silk_over_copper]: Silkscreen clipped by solder mask
    Local override; Severity: warning
    @(185.5050 mm, 145.8450 mm): Reference 'R43'
[silk_over_copper]: Silkscreen clipped by solder mask
    Local override; Severity: warning
    @(185.5050 mm, 148.3550 mm): Reference 'R44'
[silk_over_copper]: Silkscreen clipped by solder mask
    Local override; Severity: warning
    @(101.5050 mm, 129.6250 mm): Reference 'C12'
[silk_over_copper]: Silkscreen clipped by solder mask
    Local override; Severity: warning
    @(91.5050 mm, 186.4650 mm): Reference 'C52'
[silk_over_copper]: Silkscreen clipped by solder mask
    Local override; Severity: warning
    @(203.1450 mm, 180.1750 mm): Reference 'R90'
[silk_over_copper]: Silkscreen clipped by solder mask
    Local override; Severity: warning
    @(203.1450 mm, 177.6650 mm): Reference 'R86'
[silk_over_copper]: Silkscreen clipped by solder mask
    Local override; Severity: warning
    @(185.5050 mm, 153.3750 mm): Reference 'R46'
[silk_over_copper]: Silkscreen clipped by solder mask
    Local override; Severity: warning
    @(105.5150 mm, 129.6250 mm): Reference 'C15'
[silk_over_copper]: Silkscreen clipped by solder mask
    Local override; Severity: warning
    @(197.5150 mm, 127.6750 mm): Reference 'C38'
[silk_over_copper]: Silkscreen clipped by solder mask
    Local override; Severity: warning
    @(85.0050 mm, 173.3550 mm): Reference 'C73'
[silk_over_copper]: Silkscreen clipped by solder mask
    Local override; Severity: warning
    @(56.5050 mm, 175.4750 mm): Reference 'R111'
[silk_over_copper]: Silkscreen clipped by solder mask
    Local override; Severity: warning
    @(193.5050 mm, 127.6750 mm): Reference 'C37'
[silk_over_copper]: Silkscreen clipped by solder mask
    Local override; Severity: warning
    @(85.2250 mm, 167.8350 mm): Reference 'C71'
[silk_over_copper]: Silkscreen clipped by solder mask
    Local override; Severity: warning
    @(185.5050 mm, 143.3350 mm): Reference 'R42'
[starved_thermal]: Thermal relief connection to zone incomplete (zone min spoke count 2; actual 1)
    Local override; Severity: error
    @(40.0000 mm, 83.0000 mm): Zone [+3V3] on In2.Cu
    @(154.3650 mm, 138.5250 mm): PTH pad 11 [+3V3] of J8
[starved_thermal]: Thermal relief connection to zone incomplete (zone min spoke count 2; actual 1)
    Local override; Severity: error
    @(40.0000 mm, 83.0000 mm): Zone [+3V3] on In2.Cu
    @(180.7350 mm, 125.8250 mm): PTH pad 1 [+3V3] of J4
[starved_thermal]: Thermal relief connection to zone incomplete (zone min spoke count 2; actual 1)
    Local override; Severity: error
    @(40.0000 mm, 83.0000 mm): Zone [GND] on In1.Cu
    @(154.3650 mm, 128.3650 mm): PTH pad 3 [GND] of J8
[starved_thermal]: Thermal relief connection to zone incomplete (zone min spoke count 2; actual 1)
    Local override; Severity: error
    @(40.0000 mm, 83.0000 mm): Zone [GND] on In1.Cu
    @(151.8250 mm, 128.3650 mm): PTH pad 4 [GND] of J8
[starved_thermal]: Thermal relief connection to zone incomplete (zone min spoke count 2; actual 1)
    Local override; Severity: error
    @(40.0000 mm, 83.0000 mm): Zone [GND] on B.Cu
    @(151.8250 mm, 138.5250 mm): PTH pad 12 [GND] of J8
[starved_thermal]: Thermal relief connection to zone incomplete (zone min spoke count 2; actual 1)
    Local override; Severity: error
    @(40.0000 mm, 83.0000 mm): Zone [GND] on In1.Cu
    @(154.3650 mm, 143.6050 mm): PTH pad 15 [GND] of J8
[starved_thermal]: Thermal relief connection to zone incomplete (zone min spoke count 2; actual 1)
    Local override; Severity: error
    @(40.0000 mm, 83.0000 mm): Zone [GND] on In1.Cu
    @(129.8200 mm, 115.5900 mm): PTH pad 9 [GND] of U1
[starved_thermal]: Thermal relief connection to zone incomplete (zone min spoke count 2; actual 1)
    Local override; Severity: error
    @(40.0000 mm, 83.0000 mm): Zone [GND] on In1.Cu
    @(129.8200 mm, 116.6900 mm): PTH pad 9 [GND] of U1
[starved_thermal]: Thermal relief connection to zone incomplete (zone min spoke count 2; actual 1)
    Local override; Severity: error
    @(40.0000 mm, 83.0000 mm): Zone [GND] on F.Cu
    @(151.8250 mm, 138.5250 mm): PTH pad 12 [GND] of J8
[starved_thermal]: Thermal relief connection to zone incomplete (zone min spoke count 2; actual 1)
    Local override; Severity: error
    @(40.0000 mm, 83.0000 mm): Zone [GND] on F.Cu
    @(199.4250 mm, 118.0125 mm): Pad 38 [GND] of U9 on F.Cu
[starved_thermal]: Thermal relief connection to zone incomplete (zone min spoke count 2; actual 1)
    Local override; Severity: error
    @(40.0000 mm, 83.0000 mm): Zone [GND] on F.Cu
    @(197.4250 mm, 118.0125 mm): Pad 42 [GND] of U9 on F.Cu
[starved_thermal]: Thermal relief connection to zone incomplete (zone min spoke count 2; actual 1)
    Local override; Severity: error
    @(40.0000 mm, 83.0000 mm): Zone [GND] on F.Cu
    @(194.4250 mm, 118.0125 mm): Pad 48 [GND] of U9 on F.Cu
[starved_thermal]: Thermal relief connection to zone incomplete (zone min spoke count 2; actual 1)
    Local override; Severity: error
    @(40.0000 mm, 83.0000 mm): Zone [GND] on F.Cu
    @(133.1200 mm, 114.2550 mm): Pad 7 [GND] of U1 on F.Cu
[starved_thermal]: Thermal relief connection to zone incomplete (zone min spoke count 2; actual 1)
    Local override; Severity: error
    @(40.0000 mm, 83.0000 mm): Zone [GND] on F.Cu
    @(272.7800 mm, 150.0950 mm): Pad A12 [GND] of J3 on F.Cu
[starved_thermal]: Thermal relief connection to zone incomplete (zone min spoke count 2; actual 1)
    Local override; Severity: error
    @(40.0000 mm, 83.0000 mm): Zone [GND] on F.Cu
    @(272.7800 mm, 150.0950 mm): Pad B1 [GND] of J3 on F.Cu
[silk_edge_clearance]: Silkscreen clipped by board edge
    Rule: board setup constraints silk; Severity: warning
    @(277.0000 mm, 220.0000 mm): Line on Edge.Cuts
    @(76.0000 mm, 165.0000 mm): Line on F.Silkscreen
[silk_edge_clearance]: Silkscreen clipped by board edge
    Rule: board setup constraints silk; Severity: warning
    @(40.0000 mm, 217.0000 mm): Line on Edge.Cuts
    @(40.0000 mm, 82.0000 mm): Line on F.Silkscreen
[silk_edge_clearance]: Silkscreen clipped by board edge
    Rule: board setup constraints silk; Severity: warning
    @(40.0000 mm, 217.0000 mm): Line on Edge.Cuts
    @(40.0000 mm, 165.0000 mm): Line on F.Silkscreen
[silk_edge_clearance]: Silkscreen clipped by board edge
    Rule: board setup constraints silk; Severity: warning
    @(280.0000 mm, 43.0000 mm): Line on Edge.Cuts
    @(280.1000 mm, 90.8000 mm): Line on F.Silkscreen
[silk_edge_clearance]: Silkscreen clipped by board edge
    Rule: board setup constraints silk; Severity: warning
    @(280.0000 mm, 43.0000 mm): Line on Edge.Cuts
    @(280.1000 mm, 109.2000 mm): Line on F.Silkscreen
[silk_edge_clearance]: Silkscreen clipped by board edge
    Rule: board setup constraints silk; Severity: warning
    @(280.0000 mm, 43.0000 mm): Line on Edge.Cuts
    @(278.8250 mm, 158.0450 mm): Line on F.Silkscreen
[silk_edge_clearance]: Silkscreen clipped by board edge
    Rule: board setup constraints silk; Severity: warning
    @(280.0000 mm, 43.0000 mm): Line on Edge.Cuts
    @(278.8250 mm, 148.6450 mm): Line on F.Silkscreen
[malformed_courtyard]: Footprint has malformed courtyard (not a closed shape)
    Local override; Severity: error
    @(163.4750 mm, 103.2731 mm): Footprint BT1
[malformed_courtyard]: Footprint has malformed courtyard (self-intersecting)
    Local override; Severity: error
    @(163.4750 mm, 103.2731 mm): Footprint BT1
[malformed_courtyard]: Footprint has malformed courtyard (not a closed shape)
    Local override; Severity: error
    @(163.4750 mm, 103.2731 mm): Footprint BT1
[isolated_copper]: Isolated copper fill
    Local override; Severity: warning
    @(40.0000 mm, 166.5000 mm): Zone [GND_ISO] on In1.Cu
[isolated_copper]: Isolated copper fill
    Local override; Severity: warning
    @(40.0000 mm, 166.5000 mm): Zone [GND_ISO] on F.Cu
[isolated_copper]: Isolated copper fill
    Local override; Severity: warning
    @(40.0000 mm, 166.5000 mm): Zone [GND_ISO] on F.Cu
[isolated_copper]: Isolated copper fill
    Local override; Severity: warning
    @(40.0000 mm, 166.5000 mm): Zone [GND_ISO] on F.Cu
[isolated_copper]: Isolated copper fill
    Local override; Severity: warning
    @(40.0000 mm, 166.5000 mm): Zone [GND_ISO] on F.Cu
[isolated_copper]: Isolated copper fill
    Local override; Severity: warning
    @(40.0000 mm, 166.5000 mm): Zone [GND_ISO] on F.Cu
[isolated_copper]: Isolated copper fill
    Local override; Severity: warning
    @(40.0000 mm, 166.5000 mm): Zone [GND_ISO] on F.Cu
[isolated_copper]: Isolated copper fill
    Local override; Severity: warning
    @(40.0000 mm, 166.5000 mm): Zone [GND_ISO] on F.Cu
[isolated_copper]: Isolated copper fill
    Local override; Severity: warning
    @(40.0000 mm, 166.5000 mm): Zone [GND_ISO] on F.Cu
[isolated_copper]: Isolated copper fill
    Local override; Severity: warning
    @(40.0000 mm, 166.5000 mm): Zone [GND_ISO] on F.Cu
[isolated_copper]: Isolated copper fill
    Local override; Severity: warning
    @(40.0000 mm, 166.5000 mm): Zone [GND_ISO] on F.Cu
[isolated_copper]: Isolated copper fill
    Local override; Severity: warning
    @(40.0000 mm, 166.5000 mm): Zone [GND_ISO] on F.Cu
[isolated_copper]: Isolated copper fill
    Local override; Severity: warning
    @(40.0000 mm, 166.5000 mm): Zone [GND_ISO] on F.Cu
[isolated_copper]: Isolated copper fill
    Local override; Severity: warning
    @(40.0000 mm, 166.5000 mm): Zone [GND_ISO] on B.Cu
[isolated_copper]: Isolated copper fill
    Local override; Severity: warning
    @(40.0000 mm, 166.5000 mm): Zone [GND_ISO] on In2.Cu

** Found 48 unconnected pads **
[unconnected_items]: Missing connection between items
    Local override; Severity: error
    @(40.0000 mm, 83.0000 mm): Zone [GND] on F.Cu
    @(151.7250 mm, 165.8250 mm): Pad 3 [GND] of U15 on F.Cu
[unconnected_items]: Missing connection between items
    Local override; Severity: error
    @(195.9250 mm, 126.3375 mm): Pad 16 [GND] of U9 on F.Cu
    @(194.9250 mm, 126.3375 mm): Pad 14 [GND] of U9 on F.Cu
[unconnected_items]: Missing connection between items
    Local override; Severity: error
    @(195.9250 mm, 126.3375 mm): Pad 16 [GND] of U9 on F.Cu
    @(197.4250 mm, 126.3375 mm): Pad 19 [GND] of U9 on F.Cu
[unconnected_items]: Missing connection between items
    Local override; Severity: error
    @(195.9250 mm, 126.3375 mm): Pad 16 [GND] of U9 on F.Cu
    @(40.0000 mm, 83.0000 mm): Zone [GND] on F.Cu
[unconnected_items]: Missing connection between items
    Local override; Severity: error
    @(197.4250 mm, 126.3375 mm): Pad 19 [GND] of U9 on F.Cu
    @(199.4250 mm, 126.3375 mm): Pad 23 [GND] of U9 on F.Cu
[unconnected_items]: Missing connection between items
    Local override; Severity: error
    @(193.0125 mm, 120.4250 mm): Pad 3 [GND] of U9 on F.Cu
    @(40.0000 mm, 83.0000 mm): Zone [GND] on F.Cu
[unconnected_items]: Missing connection between items
    Local override; Severity: error
    @(193.0125 mm, 123.4250 mm): Pad 9 [GND] of U9 on F.Cu
    @(193.0125 mm, 120.4250 mm): Pad 3 [GND] of U9 on F.Cu
[unconnected_items]: Missing connection between items
    Local override; Severity: error
    @(199.4250 mm, 126.3375 mm): Pad 23 [GND] of U9 on F.Cu
    @(201.3375 mm, 122.9250 mm): Pad 29 [GND] of U9 on F.Cu
[unconnected_items]: Missing connection between items
    Local override; Severity: error
    @(110.4682 mm, 145.2595 mm): Via [/Power Supply/BUCK3_SW] on F.Cu - B.Cu
    @(107.5875 mm, 141.9000 mm): Pad 2 [/Power Supply/BUCK3_SW] of U2 on F.Cu
[unconnected_items]: Missing connection between items
    Local override; Severity: error
    @(195.9250 mm, 118.0125 mm): Pad 45 [+3V3] of U9 on F.Cu
    @(196.4250 mm, 118.0125 mm): Pad 44 [+3V3] of U9 on F.Cu
[unconnected_items]: Missing connection between items
    Local override; Severity: error
    @(196.4250 mm, 118.0125 mm): Pad 44 [+3V3] of U9 on F.Cu
    @(196.9250 mm, 118.0125 mm): Pad 43 [+3V3] of U9 on F.Cu
[unconnected_items]: Missing connection between items
    Local override; Severity: error
    @(203.6058 mm, 129.1529 mm): Via [+3V3] on F.Cu - B.Cu
    @(201.5198 mm, 130.8059 mm): Track [+3V3] on F.Cu, length 0.8811 mm
[unconnected_items]: Missing connection between items
    Local override; Severity: error
    @(225.5936 mm, 101.3302 mm): Track [+3V3] on F.Cu, length 0.8016 mm
    @(226.4990 mm, 98.5790 mm): Track [+3V3] on F.Cu, length 0.3903 mm
[unconnected_items]: Missing connection between items
    Local override; Severity: error
    @(158.5800 mm, 164.7550 mm): Track [+3V3] on F.Cu, length 1.0971 mm
    @(156.0250 mm, 165.8250 mm): Pad 8 [+3V3] of U15 on F.Cu
[unconnected_items]: Missing connection between items
    Local override; Severity: error
    @(245.9900 mm, 98.6549 mm): Via [+3V3] on F.Cu - B.Cu
    @(243.0171 mm, 98.7479 mm): Track [+3V3] on F.Cu, length 0.2021 mm
[unconnected_items]: Missing connection between items
    Local override; Severity: error
    @(218.4271 mm, 152.4538 mm): Via [+3V3] on F.Cu - B.Cu
    @(215.4403 mm, 152.2303 mm): Track [+3V3] on F.Cu, length 0.1056 mm
[unconnected_items]: Missing connection between items
    Local override; Severity: error
    @(236.7900 mm, 130.0408 mm): Track [+3V3] on F.Cu, length 0.9358 mm
    @(239.7764 mm, 128.9867 mm): Via [+3V3] on F.Cu - B.Cu
[unconnected_items]: Missing connection between items
    Local override; Severity: error
    @(176.6650 mm, 128.8400 mm): Track [+3V3] on F.Cu, length 1.6099 mm
    @(176.6050 mm, 125.0900 mm): Track [+3V3] on F.Cu, length 1.3446 mm
[unconnected_items]: Missing connection between items
    Local override; Severity: error
    @(231.5550 mm, 152.3050 mm): Track [+3V3] on F.Cu, length 1.1384 mm
    @(235.5650 mm, 152.3050 mm): Track [+3V3] on F.Cu, length 1.0883 mm
[unconnected_items]: Missing connection between items
    Local override; Severity: error
    @(111.6546 mm, 147.0642 mm): Track [+3V3] on F.Cu, length 0.8146 mm
    @(112.6500 mm, 142.7347 mm): Via [+3V3] on F.Cu - B.Cu
[unconnected_items]: Missing connection between items
    Local override; Severity: error
    @(200.7000 mm, 129.1050 mm): Pad 1 [+3V3] of R33 on F.Cu
    @(201.3375 mm, 123.4250 mm): Pad 28 [+3V3] of U9 on F.Cu
[unconnected_items]: Missing connection between items
    Local override; Severity: error
    @(206.8200 mm, 176.0850 mm): Track [+3V3] on F.Cu, length 1.0821 mm
    @(210.7100 mm, 171.4550 mm): Pad 1 [+3V3] of U16 on F.Cu
[unconnected_items]: Missing connection between items
    Local override; Severity: error
    @(247.9328 mm, 91.7809 mm): Via [+3V3] on F.Cu - B.Cu
    @(247.1700 mm, 98.6050 mm): Pad 1 [+3V3] of R17 on F.Cu
[unconnected_items]: Missing connection between items
    Local override; Severity: error
    @(196.9250 mm, 118.0125 mm): Pad 43 [+3V3] of U9 on F.Cu
    @(201.3375 mm, 123.4250 mm): Pad 28 [+3V3] of U9 on F.Cu
[unconnected_items]: Missing connection between items
    Local override; Severity: error
    @(235.1400 mm, 98.6050 mm): Track [+3V3] on F.Cu, length 1.1226 mm
    @(243.0171 mm, 100.1411 mm): Track [+3V3] on F.Cu, length 1.3932 mm
[unconnected_items]: Missing connection between items
    Local override; Severity: error
    @(219.8622 mm, 91.5828 mm): Track [+3V3] on F.Cu, length 1.1707 mm
    @(225.6682 mm, 98.5790 mm): Via [+3V3] on F.Cu - B.Cu
[unconnected_items]: Missing connection between items
    Local override; Severity: error
    @(40.0000 mm, 83.0000 mm): Zone [+3V3] on In2.Cu
    @(40.0000 mm, 83.0000 mm): Zone [+3V3] on In2.Cu
[unconnected_items]: Missing connection between items
    Local override; Severity: error
    @(195.9250 mm, 118.0125 mm): Pad 45 [+3V3] of U9 on F.Cu
    @(188.2500 mm, 123.6347 mm): Via [+3V3] on F.Cu - B.Cu
[unconnected_items]: Missing connection between items
    Local override; Severity: error
    @(120.4011 mm, 146.9761 mm): Track [+3V3] on F.Cu, length 0.4651 mm
    @(132.7300 mm, 144.2548 mm): Track [+3V3] on F.Cu, length 1.1252 mm
[unconnected_items]: Missing connection between items
    Local override; Severity: error
    @(226.6800 mm, 101.6150 mm): Pad 1 [+3V3] of R18 on F.Cu
    @(234.2700 mm, 116.5090 mm): Via [+3V3] on F.Cu - B.Cu
[unconnected_items]: Missing connection between items
    Local override; Severity: error
    @(272.7800 mm, 155.7950 mm): Pad A4 [VBUS_USB] of J3 on F.Cu
    @(272.7800 mm, 150.8950 mm): Pad A9 [VBUS_USB] of J3 on F.Cu
[unconnected_items]: Missing connection between items
    Local override; Severity: error
    @(254.1051 mm, 154.2399 mm): Track [VBUS_USB] on F.Cu, length 3.7592 mm
    @(253.2125 mm, 147.9000 mm): Pad 5 [VBUS_USB] of U4 on F.Cu
[unconnected_items]: Missing connection between items
    Local override; Severity: error
    @(272.7800 mm, 150.8950 mm): Pad A9 [VBUS_USB] of J3 on F.Cu
    @(263.0680 mm, 148.4461 mm): Track [VBUS_USB] on F.Cu, length 1.1766 mm
[unconnected_items]: Missing connection between items
    Local override; Severity: error
    @(272.7800 mm, 153.5950 mm): Pad A6 [/MCU, USB, Watchdog, RTC, UI/USB_DP] of J3 on F.Cu
    @(270.4793 mm, 152.5950 mm): Track [/MCU, USB, Watchdog, RTC, UI/USB_DP] on F.Cu, length 2.3007 mm
[unconnected_items]: Missing connection between items
    Local override; Severity: error
    @(254.7000 mm, 93.0150 mm): Pad 15 [OUT3_CTL] of U3 on F.Cu
    @(223.2768 mm, 196.5050 mm): Track [OUT3_CTL] on F.Cu, length 0.8311 mm
[unconnected_items]: Missing connection between items
    Local override; Severity: error
    @(259.8400 mm, 146.7550 mm): Pad 1 [/MCU, USB, Watchdog, RTC, UI/USB_CC2] of R20 on F.Cu
    @(272.7800 mm, 151.5950 mm): Pad B5 [/MCU, USB, Watchdog, RTC, UI/USB_CC2] of J3 on F.Cu
[unconnected_items]: Missing connection between items
    Local override; Severity: error
    @(196.4250 mm, 126.3375 mm): Pad 17 [/Ethernet, LoRa, microSD, Cellular slot/+3V3A] of U9 on F.Cu
    @(195.4250 mm, 126.3375 mm): Pad 15 [/Ethernet, LoRa, microSD, Cellular slot/+3V3A] of U9 on F.Cu
[unconnected_items]: Missing connection between items
    Local override; Severity: error
    @(193.0125 mm, 122.9250 mm): Pad 8 [/Ethernet, LoRa, microSD, Cellular slot/+3V3A] of U9 on F.Cu
    @(193.0125 mm, 124.4250 mm): Pad 11 [/Ethernet, LoRa, microSD, Cellular slot/+3V3A] of U9 on F.Cu
[unconnected_items]: Missing connection between items
    Local override; Severity: error
    @(198.4250 mm, 126.3375 mm): Pad 21 [/Ethernet, LoRa, microSD, Cellular slot/+3V3A] of U9 on F.Cu
    @(196.4250 mm, 126.3375 mm): Pad 17 [/Ethernet, LoRa, microSD, Cellular slot/+3V3A] of U9 on F.Cu
[unconnected_items]: Missing connection between items
    Local override; Severity: error
    @(193.0125 mm, 120.9250 mm): Pad 4 [/Ethernet, LoRa, microSD, Cellular slot/+3V3A] of U9 on F.Cu
    @(193.0125 mm, 122.9250 mm): Pad 8 [/Ethernet, LoRa, microSD, Cellular slot/+3V3A] of U9 on F.Cu
[unconnected_items]: Missing connection between items
    Local override; Severity: error
    @(193.0125 mm, 124.4250 mm): Pad 11 [/Ethernet, LoRa, microSD, Cellular slot/+3V3A] of U9 on F.Cu
    @(195.4250 mm, 126.3375 mm): Pad 15 [/Ethernet, LoRa, microSD, Cellular slot/+3V3A] of U9 on F.Cu
[unconnected_items]: Missing connection between items
    Local override; Severity: error
    @(198.4250 mm, 126.3375 mm): Pad 21 [/Ethernet, LoRa, microSD, Cellular slot/+3V3A] of U9 on F.Cu
    @(210.3700 mm, 129.1050 mm): Pad 2 [/Ethernet, LoRa, microSD, Cellular slot/+3V3A] of R35 on F.Cu
[unconnected_items]: Missing connection between items
    Local override; Severity: error
    @(123.5150 mm, 102.9800 mm): Pad 11 [/Relay outputs and isolated digital inputs/RLY8_COIL] of U12 on F.Cu
    @(231.7575 mm, 73.8925 mm): Track [/Relay outputs and isolated digital inputs/RLY8_COIL] on F.Cu, length 10.9025 mm
[unconnected_items]: Missing connection between items
    Local override; Severity: error
    @(123.5150 mm, 99.1700 mm): Pad 14 [/Relay outputs and isolated digital inputs/RLY5_COIL] of U12 on F.Cu
    @(156.7575 mm, 73.8925 mm): Track [/Relay outputs and isolated digital inputs/RLY5_COIL] on F.Cu, length 10.9025 mm
[unconnected_items]: Missing connection between items
    Local override; Severity: error
    @(81.7575 mm, 73.8925 mm): Track [/Relay outputs and isolated digital inputs/RLY2_COIL] on F.Cu, length 10.9025 mm
    @(123.5150 mm, 95.3600 mm): Pad 17 [/Relay outputs and isolated digital inputs/RLY2_COIL] of U12 on F.Cu
[unconnected_items]: Missing connection between items
    Local override; Severity: error
    @(71.8050 mm, 174.7700 mm): Pad 14 [/RS-485 buses/GND_ISO] of U24 on F.Cu
    @(71.8050 mm, 170.9600 mm): Pad 11 [/RS-485 buses/GND_ISO] of U24 on F.Cu
[unconnected_items]: Missing connection between items
    Local override; Severity: error
    @(61.6900 mm, 173.9550 mm): Track [/RS-485 buses/GND_ISO] on F.Cu, length 2.6000 mm
    @(66.6831 mm, 174.9381 mm): Track [/RS-485 buses/GND_ISO] on F.Cu, length 1.3903 mm
[unconnected_items]: Missing connection between items
    Local override; Severity: error
    @(71.8050 mm, 182.3900 mm): Pad 20 [/RS-485 buses/GND_ISO] of U24 on F.Cu
    @(71.8050 mm, 177.3100 mm): Pad 16 [/RS-485 buses/GND_ISO] of U24 on F.Cu

** Found 0 Footprint errors **

** End of Report **
