** Drc report for /home/user/PCB/hardware/hubs/hub-l/kicad/agrinode_hub_l.kicad_pcb **
** Created on 2026-09-27 21:18:33 **

** Found 9 DRC violations **
[silk_overlap]: Silkscreen overlap
    Rule: board setup constraints silk; Severity: warning
    @(162.7497 mm, 98.5000 mm): Reference 'D10'
    @(-1.1625 mm, -1.5100 mm): Polygon on F.Silkscreen
[starved_thermal]: Thermal relief connection to zone incomplete (zone min spoke count 2; actual 1)
    Local override; Severity: error
    @(50.0000 mm, 50.0000 mm): Zone [GND] on F.Cu
    @(112.5250 mm, 59.0250 mm): PTH pad 2 [GND] of SW2
[starved_thermal]: Thermal relief connection to zone incomplete (zone min spoke count 2; actual 1)
    Local override; Severity: error
    @(50.0000 mm, 50.0000 mm): Zone [GND] on F.Cu
    @(135.2500 mm, 93.8200 mm): Pad 5 [GND] of U6 on F.Cu
[starved_thermal]: Thermal relief connection to zone incomplete (zone min spoke count 2; actual 1)
    Local override; Severity: error
    @(50.0000 mm, 50.0000 mm): Zone [GND] on F.Cu
    @(91.2500 mm, 51.5500 mm): Pad 1 [GND] of U4 on F.Cu
[silk_edge_clearance]: Silkscreen clipped by board edge
    Rule: board setup constraints silk; Severity: warning
    @(50.0000 mm, 143.0000 mm): Line on Edge.Cuts
    @(49.4750 mm, 74.6150 mm): Reference 'J2'
[silk_edge_clearance]: Silkscreen clipped by board edge
    Rule: board setup constraints silk; Severity: warning
    @(50.0000 mm, 143.0000 mm): Line on Edge.Cuts
    @(49.4750 mm, 86.6150 mm): Reference 'J3'
[silk_edge_clearance]: Silkscreen clipped by board edge
    Rule: board setup constraints silk; Severity: warning
    @(180.0000 mm, 53.0000 mm): Line on Edge.Cuts
    @(180.5250 mm, 116.1450 mm): Reference 'J9'
[silk_edge_clearance]: Silkscreen clipped by board edge
    Rule: board setup constraints silk; Severity: warning
    @(53.0000 mm, 50.0000 mm): Line on Edge.Cuts
    @(90.8800 mm, 43.9400 mm): Line on F.Silkscreen
[silk_edge_clearance]: Silkscreen clipped by board edge
    Rule: board setup constraints silk; Severity: warning
    @(53.0000 mm, 50.0000 mm): Line on Edge.Cuts
    @(109.1200 mm, 43.9400 mm): Line on F.Silkscreen

** Found 5 unconnected pads **
[unconnected_items]: Missing connection between items
    Local override; Severity: error
    @(109.5936 mm, 59.0250 mm): Track [GND] on B.Cu, length 2.4580 mm
    @(108.7500 mm, 51.5500 mm): Pad 38 [GND] of U4 on F.Cu
[unconnected_items]: Missing connection between items
    Local override; Severity: error
    @(108.7500 mm, 60.4400 mm): Pad 31 [SPI_MISO] of U4 on F.Cu
    @(168.2750 mm, 82.0250 mm): Pad 13 [SPI_MISO] of U8 on F.Cu
[unconnected_items]: Missing connection between items
    Local override; Severity: error
    @(108.7500 mm, 57.9000 mm): Pad 33 [LORA_DIO0] of U4 on F.Cu
    @(152.2750 mm, 84.0250 mm): Pad 5 [LORA_DIO0] of U8 on F.Cu
[unconnected_items]: Missing connection between items
    Local override; Severity: error
    @(136.2000 mm, 61.4000 mm): Pad 2 [/ESP32, programming, buttons, RTC, LED strip, buzzer/CH_TXD] of U5 on F.Cu
    @(152.7925 mm, 58.6450 mm): Pad 1 [/ESP32, programming, buttons, RTC, LED strip, buzzer/CH_TXD] of R17 on F.Cu
[unconnected_items]: Missing connection between items
    Local override; Severity: error
    @(136.2000 mm, 57.5900 mm): Pad 5 [/ESP32, programming, buttons, RTC, LED strip, buzzer/USB_DP_C] of U5 on F.Cu
    @(155.7575 mm, 54.1450 mm): Pad 2 [/ESP32, programming, buttons, RTC, LED strip, buzzer/USB_DP_C] of R15 on F.Cu

** Found 0 Footprint errors **

** End of Report **
