** Drc report for /home/user/PCB/hardware/hubs/hub-l/kicad/agrinode_hub_l.kicad_pcb **
** Created on 2026-09-27 22:00:19 **

** Found 8 DRC violations **
[silk_overlap]: Silkscreen overlap
    Rule: board setup constraints silk; Severity: warning
    @(152.4447 mm, 103.0000 mm): Reference 'D10'
    @(-1.1625 mm, -1.5100 mm): Polygon on F.Silkscreen
[starved_thermal]: Thermal relief connection to zone incomplete (zone min spoke count 2; actual 1)
    Local override; Severity: error
    @(50.0000 mm, 50.0000 mm): Zone [GND] on F.Cu
    @(91.2500 mm, 51.5500 mm): Pad 1 [GND] of U4 on F.Cu
[starved_thermal]: Thermal relief connection to zone incomplete (zone min spoke count 2; actual 1)
    Local override; Severity: error
    @(50.0000 mm, 50.0000 mm): Zone [GND] on F.Cu
    @(108.7500 mm, 51.5500 mm): Pad 38 [GND] of U4 on F.Cu
[silk_edge_clearance]: Silkscreen clipped by board edge
    Rule: board setup constraints silk; Severity: warning
    @(50.0000 mm, 143.0000 mm): Line on Edge.Cuts
    @(49.4750 mm, 86.6150 mm): Reference 'J3'
[silk_edge_clearance]: Silkscreen clipped by board edge
    Rule: board setup constraints silk; Severity: warning
    @(53.0000 mm, 50.0000 mm): Line on Edge.Cuts
    @(90.8800 mm, 43.9400 mm): Line on F.Silkscreen
[silk_edge_clearance]: Silkscreen clipped by board edge
    Rule: board setup constraints silk; Severity: warning
    @(53.0000 mm, 50.0000 mm): Line on Edge.Cuts
    @(109.1200 mm, 43.9400 mm): Line on F.Silkscreen
[silk_edge_clearance]: Silkscreen clipped by board edge
    Rule: board setup constraints silk; Severity: warning
    @(50.0000 mm, 143.0000 mm): Line on Edge.Cuts
    @(49.4750 mm, 74.6150 mm): Reference 'J2'
[silk_edge_clearance]: Silkscreen clipped by board edge
    Rule: board setup constraints silk; Severity: warning
    @(180.0000 mm, 53.0000 mm): Line on Edge.Cuts
    @(180.5250 mm, 116.1450 mm): Reference 'J9'

** Found 5 unconnected pads **
[unconnected_items]: Missing connection between items
    Local override; Severity: error
    @(108.7500 mm, 64.2500 mm): Pad 28 [RS485_TX] of U4 on F.Cu
    @(142.2997 mm, 106.7600 mm): Pad 4 [RS485_TX] of U7 on F.Cu
[unconnected_items]: Missing connection between items
    Local override; Severity: error
    @(108.7500 mm, 61.7100 mm): Pad 30 [SPI_SCK] of U4 on F.Cu
    @(168.2750 mm, 84.0250 mm): Pad 12 [SPI_SCK] of U8 on F.Cu
[unconnected_items]: Missing connection between items
    Local override; Severity: error
    @(108.7500 mm, 52.8200 mm): Pad 37 [SPI_MOSI] of U4 on F.Cu
    @(168.2750 mm, 80.0250 mm): Pad 14 [SPI_MOSI] of U8 on F.Cu
[unconnected_items]: Missing connection between items
    Local override; Severity: error
    @(136.2000 mm, 56.3200 mm): Pad 6 [/ESP32, programming, buttons, RTC, LED strip, buzzer/USB_DN_C] of U5 on F.Cu
    @(143.2175 mm, 60.1450 mm): Pad 2 [/ESP32, programming, buttons, RTC, LED strip, buzzer/USB_DN_C] of R16 on F.Cu
[unconnected_items]: Missing connection between items
    Local override; Severity: error
    @(140.4575 mm, 53.9500 mm): Pad 1 [/ESP32, programming, buttons, RTC, LED strip, buzzer/AR_B1] of Q3 on F.Cu
    @(143.2175 mm, 64.6450 mm): Pad 2 [/ESP32, programming, buttons, RTC, LED strip, buzzer/AR_B1] of R19 on F.Cu

** Found 0 Footprint errors **

** End of Report **
