** Drc report for /home/user/PCB/hardware/hubs/gw-lan/kicad/agrinode_gw_lan.kicad_pcb **
** Created on 2026-09-27 22:32:12 **

** Found 18 DRC violations **
[silk_overlap]: Silkscreen overlap
    Rule: board setup constraints silk; Severity: warning
    @(145.3950 mm, 97.2895 mm): Reference 'D10'
    @(-1.1625 mm, -1.5100 mm): Polygon on F.Silkscreen
[silk_overlap]: Silkscreen overlap
    Rule: board setup constraints silk; Severity: warning
    @(100.7897 mm, 105.1568 mm): PCB Text 'W2' on F.Silkscreen
    @(98.3147 mm, 105.0318 mm): Line on F.Silkscreen
[silk_over_copper]: Silkscreen clipped by solder mask
    Local override; Severity: warning
    @(131.2500 mm, 60.8700 mm): PCB Text 'W1' on F.Silkscreen
[silk_over_copper]: Silkscreen clipped by solder mask
    Local override; Severity: warning
    @(136.2000 mm, 57.0600 mm): PCB Text 'W1' on F.Silkscreen
[silk_over_copper]: Silkscreen clipped by solder mask
    Local override; Severity: warning
    @(100.7897 mm, 105.1568 mm): PCB Text 'W2' on F.Silkscreen
[starved_thermal]: Thermal relief connection to zone incomplete (zone min spoke count 2; actual 1)
    Local override; Severity: error
    @(50.0000 mm, 50.0000 mm): Zone [GND] on F.Cu
    @(91.2500 mm, 51.5500 mm): Pad 1 [GND] of U4 on F.Cu
[starved_thermal]: Thermal relief connection to zone incomplete (zone min spoke count 2; actual 1)
    Local override; Severity: error
    @(50.0000 mm, 50.0000 mm): Zone [GND] on F.Cu
    @(108.7500 mm, 51.5500 mm): Pad 38 [GND] of U4 on F.Cu
[starved_thermal]: Thermal relief connection to zone incomplete (zone min spoke count 2; actual 1)
    Local override; Severity: error
    @(50.0000 mm, 50.0000 mm): Zone [GND] on B.Cu
    @(192.9550 mm, 57.3800 mm): PTH pad 4 [GND] of J4
[starved_thermal]: Thermal relief connection to zone incomplete (zone min spoke count 2; actual 1)
    Local override; Severity: error
    @(50.0000 mm, 50.0000 mm): Zone [GND] on B.Cu
    @(197.7250 mm, 60.0900 mm): PTH pad 5 [GND] of J4
[starved_thermal]: Thermal relief connection to zone incomplete (zone min spoke count 2; actual 1)
    Local override; Severity: error
    @(50.0000 mm, 50.0000 mm): Zone [GND] on F.Cu
    @(117.5250 mm, 59.0250 mm): PTH pad 2 [GND] of SW2
[starved_thermal]: Thermal relief connection to zone incomplete (zone min spoke count 2; actual 1)
    Local override; Severity: error
    @(50.0000 mm, 50.0000 mm): Zone [GND] on F.Cu
    @(66.5750 mm, 109.3645 mm): Pad 5 [GND] of U1 on F.Cu
[starved_thermal]: Thermal relief connection to zone incomplete (zone min spoke count 2; actual 1)
    Local override; Severity: error
    @(50.0000 mm, 50.0000 mm): Zone [GND] on F.Cu
    @(88.4450 mm, 55.3250 mm): PTH pad 4 [GND] of J8
[lib_footprint_mismatch]: Footprint 'RJ45_Hanrun_HR911105A_Horizontal' does not match copy in library 'Connector_RJ'.
    Local override; Severity: warning
    @(182.2150 mm, 88.5966 mm): Footprint J10
[silk_edge_clearance]: Silkscreen clipped by board edge
    Rule: board setup constraints silk; Severity: warning
    @(50.0000 mm, 155.0000 mm): Line on Edge.Cuts
    @(49.4750 mm, 74.6150 mm): Reference 'J2'
[silk_edge_clearance]: Silkscreen clipped by board edge
    Rule: board setup constraints silk; Severity: warning
    @(53.0000 mm, 50.0000 mm): Line on Edge.Cuts
    @(90.8800 mm, 43.9400 mm): Line on F.Silkscreen
[silk_edge_clearance]: Silkscreen clipped by board edge
    Rule: board setup constraints silk; Severity: warning
    @(53.0000 mm, 50.0000 mm): Line on Edge.Cuts
    @(109.1200 mm, 43.9400 mm): Line on F.Silkscreen
[silk_edge_clearance]: Silkscreen clipped by board edge
    Rule: board setup constraints silk; Severity: warning
    @(50.0000 mm, 155.0000 mm): Line on Edge.Cuts
    @(49.4750 mm, 88.3518 mm): Reference 'J3'
[silk_edge_clearance]: Silkscreen clipped by board edge
    Rule: board setup constraints silk; Severity: warning
    @(200.0000 mm, 53.0000 mm): Line on Edge.Cuts
    @(200.5250 mm, 122.1450 mm): Reference 'J9'

** Found 2 unconnected pads **
[unconnected_items]: Missing connection between items
    Local override; Severity: error
    @(95.5600 mm, 69.3100 mm): Pad 16 [CHRG_N] of U4 on F.Cu
    @(100.7897 mm, 106.9568 mm): Pad 7 [CHRG_N] of U2 on F.Cu
[unconnected_items]: Missing connection between items
    Local override; Severity: error
    @(136.2000 mm, 58.8600 mm): Pad 4 [+3V3] of U5 on F.Cu
    @(131.2500 mm, 62.6700 mm): Track [+3V3] on F.Cu, length 3.4191 mm

** Found 0 Footprint errors **

** End of Report **
