** Drc report for /home/user/PCB/hardware/hubs/gw-lan/kicad/agrinode_gw_lan.kicad_pcb **
** Created on 2026-09-27 21:50:32 **

** Found 9 DRC violations **
[silk_overlap]: Silkscreen overlap
    Rule: board setup constraints silk; Severity: warning
    @(145.3950 mm, 93.5000 mm): Reference 'D10'
    @(-1.1625 mm, -1.5100 mm): Polygon on F.Silkscreen
[starved_thermal]: Thermal relief connection to zone incomplete (zone min spoke count 2; actual 1)
    Local override; Severity: error
    @(50.0000 mm, 50.0000 mm): Zone [GND] on F.Cu
    @(135.2500 mm, 93.8200 mm): Pad 5 [GND] of U6 on F.Cu
[starved_thermal]: Thermal relief connection to zone incomplete (zone min spoke count 2; actual 1)
    Local override; Severity: error
    @(50.0000 mm, 50.0000 mm): Zone [GND] on F.Cu
    @(108.7500 mm, 51.5500 mm): Pad 38 [GND] of U4 on F.Cu
[lib_footprint_mismatch]: Footprint 'RJ45_Hanrun_HR911105A_Horizontal' does not match copy in library 'Connector_RJ'.
    Local override; Severity: warning
    @(182.2150 mm, 87.9650 mm): Footprint J10
[silk_edge_clearance]: Silkscreen clipped by board edge
    Rule: board setup constraints silk; Severity: warning
    @(53.0000 mm, 50.0000 mm): Line on Edge.Cuts
    @(90.8800 mm, 43.9400 mm): Line on F.Silkscreen
[silk_edge_clearance]: Silkscreen clipped by board edge
    Rule: board setup constraints silk; Severity: warning
    @(53.0000 mm, 50.0000 mm): Line on Edge.Cuts
    @(109.1200 mm, 43.9400 mm): Line on F.Silkscreen
[silk_edge_clearance]: Silkscreen clipped by board edge
    Rule: board setup constraints silk; Severity: warning
    @(50.0000 mm, 143.0000 mm): Line on Edge.Cuts
    @(49.4750 mm, 74.6150 mm): Reference 'J2'
[silk_edge_clearance]: Silkscreen clipped by board edge
    Rule: board setup constraints silk; Severity: warning
    @(200.0000 mm, 53.0000 mm): Line on Edge.Cuts
    @(200.5250 mm, 116.1450 mm): Reference 'J9'
[silk_edge_clearance]: Silkscreen clipped by board edge
    Rule: board setup constraints silk; Severity: warning
    @(50.0000 mm, 143.0000 mm): Line on Edge.Cuts
    @(49.4750 mm, 86.6150 mm): Reference 'J3'

** Found 8 unconnected pads **
[unconnected_items]: Missing connection between items
    Local override; Severity: error
    @(91.2500 mm, 55.3600 mm): Pad 4 [ETH_INT] of U4 on F.Cu
    @(152.3050 mm, 78.9000 mm): Pad 4 [ETH_INT] of U9 on F.Cu
[unconnected_items]: Missing connection between items
    Local override; Severity: error
    @(108.7500 mm, 66.7900 mm): Pad 26 [RS485_DE] of U4 on F.Cu
    @(143.2432 mm, 100.8123 mm): Track [RS485_DE] on B.Cu, length 0.8801 mm
[unconnected_items]: Missing connection between items
    Local override; Severity: error
    @(120.3756 mm, 67.2231 mm): Track [/ESP32, programming, buttons, RTC, LED strip, buzzer/ESP_RXD0] on F.Cu, length 1.0294 mm
    @(174.8675 mm, 54.1450 mm): Pad 2 [/ESP32, programming, buttons, RTC, LED strip, buzzer/ESP_RXD0] of R17 on F.Cu
[unconnected_items]: Missing connection between items
    Local override; Severity: error
    @(136.2000 mm, 61.4000 mm): Pad 2 [/ESP32, programming, buttons, RTC, LED strip, buzzer/CH_TXD] of U5 on F.Cu
    @(171.9425 mm, 54.1450 mm): Pad 1 [/ESP32, programming, buttons, RTC, LED strip, buzzer/CH_TXD] of R17 on F.Cu
[unconnected_items]: Missing connection between items
    Local override; Severity: error
    @(136.2000 mm, 57.5900 mm): Pad 5 [/ESP32, programming, buttons, RTC, LED strip, buzzer/USB_DP_C] of U5 on F.Cu
    @(161.6475 mm, 54.1450 mm): Pad 2 [/ESP32, programming, buttons, RTC, LED strip, buzzer/USB_DP_C] of R15 on F.Cu
[unconnected_items]: Missing connection between items
    Local override; Severity: error
    @(136.2000 mm, 56.3200 mm): Pad 6 [/ESP32, programming, buttons, RTC, LED strip, buzzer/USB_DN_C] of U5 on F.Cu
    @(168.2575 mm, 54.1450 mm): Pad 2 [/ESP32, programming, buttons, RTC, LED strip, buzzer/USB_DN_C] of R16 on F.Cu
[unconnected_items]: Missing connection between items
    Local override; Severity: error
    @(140.4575 mm, 55.8500 mm): Pad 2 [/ESP32, programming, buttons, RTC, LED strip, buzzer/CH_RTS] of Q3 on F.Cu
    @(131.2500 mm, 60.1300 mm): Pad 14 [/ESP32, programming, buttons, RTC, LED strip, buzzer/CH_RTS] of U5 on F.Cu
[unconnected_items]: Missing connection between items
    Local override; Severity: error
    @(161.6050 mm, 76.3600 mm): Pad 27 [/RS-485 and uplink/ETH_LEDA] of U9 on F.Cu
    @(193.4750 mm, 87.6100 mm): PTH pad 10 [/RS-485 and uplink/ETH_LEDA] of J10

** Found 0 Footprint errors **

** End of Report **
