** Drc report for /home/user/PCB/hardware/hubs/hub-w/kicad/agrinode_hub_w.kicad_pcb **
** Created on 2026-09-27 18:07:56 **

** Found 9 DRC violations **
[silk_overlap]: Silkscreen overlap
    Rule: board setup constraints silk; Severity: warning
    @(146.2247 mm, 112.5000 mm): Reference 'D10'
    @(-1.1625 mm, -1.5100 mm): Polygon on F.Silkscreen
[starved_thermal]: Thermal relief connection to zone incomplete (zone min spoke count 2; actual 1)
    Local override; Severity: error
    @(50.0000 mm, 50.0000 mm): Zone [GND] on F.Cu
    @(91.2500 mm, 51.5500 mm): Pad 1 [GND] of U4 on F.Cu
[starved_thermal]: Thermal relief connection to zone incomplete (zone min spoke count 2; actual 1)
    Local override; Severity: error
    @(50.0000 mm, 50.0000 mm): Zone [GND] on F.Cu
    @(108.7500 mm, 51.5500 mm): Pad 38 [GND] of U4 on F.Cu
[lib_footprint_mismatch]: Footprint 'USB_B_THT_Coarse' does not match copy in library 'agrinode'.
    Local override; Severity: warning
    @(156.9550 mm, 55.3800 mm): Footprint J4
[silk_edge_clearance]: Silkscreen clipped by board edge
    Rule: board setup constraints silk; Severity: warning
    @(164.0000 mm, 53.0000 mm): Line on Edge.Cuts
    @(164.5250 mm, 116.1450 mm): Reference 'J9'
[silk_edge_clearance]: Silkscreen clipped by board edge
    Rule: board setup constraints silk; Severity: warning
    @(50.0000 mm, 143.0000 mm): Line on Edge.Cuts
    @(49.4750 mm, 86.6150 mm): Reference 'J3'
[silk_edge_clearance]: Silkscreen clipped by board edge
    Rule: board setup constraints silk; Severity: warning
    @(50.0000 mm, 143.0000 mm): Line on Edge.Cuts
    @(49.4750 mm, 74.6150 mm): Reference 'J2'
[silk_edge_clearance]: Silkscreen clipped by board edge
    Rule: board setup constraints silk; Severity: warning
    @(53.0000 mm, 50.0000 mm): Line on Edge.Cuts
    @(90.8800 mm, 43.9400 mm): Line on F.Silkscreen
[silk_edge_clearance]: Silkscreen clipped by board edge
    Rule: board setup constraints silk; Severity: warning
    @(53.0000 mm, 50.0000 mm): Line on Edge.Cuts
    @(109.1200 mm, 43.9400 mm): Line on F.Silkscreen

** Found 2 unconnected pads **
[unconnected_items]: Missing connection between items
    Local override; Severity: error
    @(91.2500 mm, 68.0600 mm): Pad 14 [CHRG_N] of U4 on F.Cu
    @(111.5397 mm, 106.7200 mm): Pad 7 [CHRG_N] of U2 on F.Cu
[unconnected_items]: Missing connection between items
    Local override; Severity: error
    @(122.8425 mm, 68.6450 mm): Pad 1 [/ESP32, programming, buttons, RTC, LED strip, buzzer/CH_TXD] of R17 on F.Cu
    @(130.6000 mm, 55.2200 mm): Pad 2 [/ESP32, programming, buttons, RTC, LED strip, buzzer/CH_TXD] of U5 on F.Cu

** Found 0 Footprint errors **

** End of Report **
