** Drc report for /home/user/PCB/hardware/hubs/hub-c/kicad/agrinode_hub_c.kicad_pcb **
** Created on 2026-09-27 20:22:02 **

** Found 15 DRC violations **
[silk_overlap]: Silkscreen overlap
    Rule: board setup constraints silk; Severity: warning
    @(138.5753 mm, 100.0250 mm): Reference 'C10'
    @(137.7250 mm, 99.1250 mm): Reference 'U6'
[silk_overlap]: Silkscreen overlap
    Rule: board setup constraints silk; Severity: warning
    @(176.5050 mm, 79.0950 mm): Line on F.Silkscreen
    @(176.0000 mm, 96.8000 mm): Reference 'H2'
[silk_overlap]: Silkscreen overlap
    Rule: board setup constraints silk; Severity: warning
    @(173.8450 mm, 96.9350 mm): Line on F.Silkscreen
    @(176.0000 mm, 96.8000 mm): Reference 'H2'
[silk_overlap]: Silkscreen overlap
    Rule: board setup constraints silk; Severity: warning
    @(146.7953 mm, 97.0000 mm): Reference 'D10'
    @(-1.1625 mm, -1.5100 mm): Polygon on F.Silkscreen
[silk_over_copper]: Silkscreen clipped by solder mask
    Local override; Severity: warning
    @(176.0000 mm, 96.8000 mm): Reference 'H2'
[starved_thermal]: Thermal relief connection to zone incomplete (zone min spoke count 2; actual 1)
    Local override; Severity: error
    @(50.0000 mm, 50.0000 mm): Zone [GND] on F.Cu
    @(135.2500 mm, 93.8200 mm): Pad 5 [GND] of U6 on F.Cu
[starved_thermal]: Thermal relief connection to zone incomplete (zone min spoke count 2; actual 1)
    Local override; Severity: error
    @(50.0000 mm, 50.0000 mm): Zone [GND] on F.Cu
    @(91.2500 mm, 51.5500 mm): Pad 1 [GND] of U4 on F.Cu
[starved_thermal]: Thermal relief connection to zone incomplete (zone min spoke count 2; actual 1)
    Local override; Severity: error
    @(50.0000 mm, 50.0000 mm): Zone [GND] on F.Cu
    @(108.7500 mm, 51.5500 mm): Pad 38 [GND] of U4 on F.Cu
[starved_thermal]: Thermal relief connection to zone incomplete (zone min spoke count 2; actual 1)
    Local override; Severity: error
    @(50.0000 mm, 50.0000 mm): Zone [GND] on F.Cu
    @(94.5400 mm, 88.6750 mm): Pad 2 [GND] of C13 on F.Cu
[starved_thermal]: Thermal relief connection to zone incomplete (zone min spoke count 2; actual 1)
    Local override; Severity: error
    @(50.0000 mm, 50.0000 mm): Zone [GND] on F.Cu
    @(88.4450 mm, 55.3250 mm): PTH pad 4 [GND] of J8
[silk_edge_clearance]: Silkscreen clipped by board edge
    Rule: board setup constraints silk; Severity: warning
    @(50.0000 mm, 143.0000 mm): Line on Edge.Cuts
    @(49.4750 mm, 86.6150 mm): Reference 'J3'
[silk_edge_clearance]: Silkscreen clipped by board edge
    Rule: board setup constraints silk; Severity: warning
    @(50.0000 mm, 143.0000 mm): Line on Edge.Cuts
    @(49.4750 mm, 74.6150 mm): Reference 'J2'
[silk_edge_clearance]: Silkscreen clipped by board edge
    Rule: board setup constraints silk; Severity: warning
    @(53.0000 mm, 50.0000 mm): Line on Edge.Cuts
    @(90.8800 mm, 43.9400 mm): Line on F.Silkscreen
[silk_edge_clearance]: Silkscreen clipped by board edge
    Rule: board setup constraints silk; Severity: warning
    @(53.0000 mm, 50.0000 mm): Line on Edge.Cuts
    @(109.1200 mm, 43.9400 mm): Line on F.Silkscreen
[silk_edge_clearance]: Silkscreen clipped by board edge
    Rule: board setup constraints silk; Severity: warning
    @(180.0000 mm, 53.0000 mm): Line on Edge.Cuts
    @(180.5250 mm, 116.1450 mm): Reference 'J9'

** Found 5 unconnected pads **
[unconnected_items]: Missing connection between items
    Local override; Severity: error
    @(142.3325 mm, 54.9000 mm): Pad 3 [/ESP32, programming, buttons, RTC, LED strip, buzzer/BOOT_BTN] of Q4 on F.Cu
    @(125.5250 mm, 60.5743 mm): Track [/ESP32, programming, buttons, RTC, LED strip, buzzer/BOOT_BTN] on B.Cu, length 8.5550 mm
[unconnected_items]: Missing connection between items
    Local override; Severity: error
    @(108.7500 mm, 57.9000 mm): Pad 33 [MODEM_PWRKEY_CTL] of U4 on F.Cu
    @(151.8425 mm, 121.6450 mm): Pad 1 [MODEM_PWRKEY_CTL] of R37 on F.Cu
[unconnected_items]: Missing connection between items
    Local override; Severity: error
    @(115.3650 mm, 63.3250 mm): Track [/ESP32, programming, buttons, RTC, LED strip, buzzer/ESP_TXD0] on B.Cu, length 4.0161 mm
    @(143.2175 mm, 63.1450 mm): Pad 2 [/ESP32, programming, buttons, RTC, LED strip, buzzer/ESP_TXD0] of R18 on F.Cu
[unconnected_items]: Missing connection between items
    Local override; Severity: error
    @(108.7500 mm, 52.8200 mm): Pad 37 [MODEM_TXD] of U4 on F.Cu
    @(165.0625 mm, 127.6450 mm): Pad 1 [MODEM_TXD] of R40 on F.Cu
[unconnected_items]: Missing connection between items
    Local override; Severity: error
    @(136.2000 mm, 56.3200 mm): Pad 6 [/ESP32, programming, buttons, RTC, LED strip, buzzer/USB_DN_C] of U5 on F.Cu
    @(149.1075 mm, 58.6450 mm): Pad 2 [/ESP32, programming, buttons, RTC, LED strip, buzzer/USB_DN_C] of R16 on F.Cu

** Found 0 Footprint errors **

** End of Report **
